XSceneView<XSphere>(content: XScene.XSphere(radius: 10.0))